Java HotSpot(TM) 64-Bit Server VM (25.161-b12) for windows-amd64 JRE (1.8.0_161-b12), built on Dec 19 2017 17:52:25 by "java_re" with MS VC++ 10.0 (VS2010)
Memory: 4k page, physical 16688932k(5334884k free), swap 17737508k(3951520k free)
CommandLine flags: -XX:-BytecodeVerificationLocal -XX:-BytecodeVerificationRemote -XX:InitialHeapSize=267022912 -XX:+ManagementServer -XX:MaxHeapSize=4272366592 -XX:MaxNewSize=697933824 -XX:MaxTenuringThreshold=6 -XX:OldPLABSize=16 -XX:+PrintGC -XX:+PrintGCDateStamps -XX:+PrintGCDetails -XX:+PrintGCTimeStamps -XX:TieredStopAtLevel=1 -XX:+UseCompressedClassPointers -XX:+UseCompressedOops -XX:+UseConcMarkSweepGC -XX:-UseLargePagesIndividualAllocation -XX:+UseParNewGC 
2020-04-19T18:17:01.045+0800: 1.562: [GC (Allocation Failure) 2020-04-19T18:17:01.046+0800: 1.562: [ParNew: 69952K->6682K(78656K), 0.0087707 secs] 69952K->6682K(253440K), 0.0090198 secs] [Times: user=0.00 sys=0.00, real=0.01 secs] 
2020-04-19T18:17:03.501+0800: 4.017: [GC (Allocation Failure) 2020-04-19T18:17:03.501+0800: 4.017: [ParNew: 76634K->8487K(78656K), 0.0207177 secs] 76634K->12190K(253440K), 0.0207862 secs] [Times: user=0.08 sys=0.00, real=0.02 secs] 
2020-04-19T18:17:04.118+0800: 4.634: [GC (Allocation Failure) 2020-04-19T18:17:04.118+0800: 4.634: [ParNew: 78439K->5982K(78656K), 0.0061898 secs] 82142K->11772K(253440K), 0.0062740 secs] [Times: user=0.00 sys=0.00, real=0.01 secs] 
2020-04-19T18:17:04.125+0800: 4.640: [GC (CMS Initial Mark) [1 CMS-initial-mark: 5789K(174784K)] 11773K(253440K), 0.0007480 secs] [Times: user=0.00 sys=0.00, real=0.00 secs] 
2020-04-19T18:17:04.125+0800: 4.641: [CMS-concurrent-mark-start]
2020-04-19T18:17:04.136+0800: 4.652: [CMS-concurrent-mark: 0.010/0.010 secs] [Times: user=0.05 sys=0.00, real=0.01 secs] 
2020-04-19T18:17:04.136+0800: 4.652: [CMS-concurrent-preclean-start]
2020-04-19T18:17:04.137+0800: 4.653: [CMS-concurrent-preclean: 0.001/0.001 secs] [Times: user=0.00 sys=0.00, real=0.00 secs] 
2020-04-19T18:17:04.140+0800: 4.656: [GC (CMS Final Remark) [YG occupancy: 7273 K (78656 K)]2020-04-19T18:17:04.140+0800: 4.656: [Rescan (parallel) , 0.0010292 secs]2020-04-19T18:17:04.141+0800: 4.657: [weak refs processing, 0.0000443 secs]2020-04-19T18:17:04.141+0800: 4.657: [class unloading, 0.0042393 secs]2020-04-19T18:17:04.146+0800: 4.661: [scrub symbol table, 0.0055789 secs]2020-04-19T18:17:04.151+0800: 4.667: [scrub string table, 0.0004192 secs][1 CMS-remark: 5789K(174784K)] 13063K(253440K), 0.0119307 secs] [Times: user=0.02 sys=0.02, real=0.01 secs] 
2020-04-19T18:17:04.151+0800: 4.668: [CMS-concurrent-sweep-start]
2020-04-19T18:17:04.156+0800: 4.672: [CMS-concurrent-sweep: 0.004/0.004 secs] [Times: user=0.00 sys=0.00, real=0.00 secs] 
2020-04-19T18:17:04.156+0800: 4.672: [CMS-concurrent-reset-start]
2020-04-19T18:17:04.190+0800: 4.705: [CMS-concurrent-reset: 0.034/0.034 secs] [Times: user=0.02 sys=0.03, real=0.03 secs] 
2020-04-19T18:17:07.480+0800: 7.995: [GC (Allocation Failure) 2020-04-19T18:17:07.480+0800: 7.995: [ParNew: 75934K->5685K(78656K), 0.0059272 secs] 81589K->12926K(253440K), 0.0060030 secs] [Times: user=0.00 sys=0.00, real=0.01 secs] 
2020-04-19T18:17:08.070+0800: 8.586: [GC (Allocation Failure) 2020-04-19T18:17:08.070+0800: 8.586: [ParNew: 75637K->6942K(78656K), 0.0115143 secs] 82878K->15853K(253440K), 0.0115880 secs] [Times: user=0.08 sys=0.00, real=0.01 secs] 
2020-04-19T18:17:08.729+0800: 9.245: [GC (Allocation Failure) 2020-04-19T18:17:08.729+0800: 9.245: [ParNew: 76894K->6858K(78656K), 0.0085751 secs] 85805K->19066K(253440K), 0.0086640 secs] [Times: user=0.00 sys=0.00, real=0.01 secs] 
2020-04-19T18:17:09.241+0800: 9.758: [GC (Allocation Failure) 2020-04-19T18:17:09.242+0800: 9.758: [ParNew: 76810K->8704K(78656K), 0.0092459 secs] 89018K->24694K(253440K), 0.0093212 secs] [Times: user=0.00 sys=0.01, real=0.01 secs] 
2020-04-19T18:17:10.409+0800: 10.925: [GC (Allocation Failure) 2020-04-19T18:17:10.409+0800: 10.925: [ParNew: 78656K->7828K(78656K), 0.0093761 secs] 94646K->29336K(253440K), 0.0094535 secs] [Times: user=0.02 sys=0.03, real=0.01 secs] 
2020-04-19T18:17:10.898+0800: 11.414: [GC (Allocation Failure) 2020-04-19T18:17:10.898+0800: 11.414: [ParNew: 77780K->5453K(78656K), 0.0051084 secs] 99288K->28588K(253440K), 0.0052336 secs] [Times: user=0.11 sys=0.00, real=0.01 secs] 
2020-04-19T18:17:10.903+0800: 11.419: [GC (CMS Initial Mark) [1 CMS-initial-mark: 23135K(174784K)] 30406K(253440K), 0.0010172 secs] [Times: user=0.00 sys=0.00, real=0.00 secs] 
2020-04-19T18:17:10.904+0800: 11.420: [CMS-concurrent-mark-start]
2020-04-19T18:17:10.932+0800: 11.448: [CMS-concurrent-mark: 0.026/0.028 secs] [Times: user=0.11 sys=0.00, real=0.03 secs] 
2020-04-19T18:17:10.933+0800: 11.449: [CMS-concurrent-preclean-start]
2020-04-19T18:17:10.934+0800: 11.450: [CMS-concurrent-preclean: 0.002/0.002 secs] [Times: user=0.00 sys=0.00, real=0.00 secs] 
2020-04-19T18:17:10.934+0800: 11.450: [CMS-concurrent-abortable-preclean-start]
2020-04-19T18:17:11.205+0800: 11.721: [CMS-concurrent-abortable-preclean: 0.197/0.271 secs] [Times: user=0.44 sys=0.05, real=0.27 secs] 
2020-04-19T18:17:11.205+0800: 11.721: [GC (CMS Final Remark) [YG occupancy: 42494 K (78656 K)]2020-04-19T18:17:11.205+0800: 11.721: [Rescan (parallel) , 0.0122425 secs]2020-04-19T18:17:11.218+0800: 11.733: [weak refs processing, 0.0000416 secs]2020-04-19T18:17:11.218+0800: 11.734: [class unloading, 0.0034373 secs]2020-04-19T18:17:11.221+0800: 11.737: [scrub symbol table, 0.0073295 secs]2020-04-19T18:17:11.228+0800: 11.744: [scrub string table, 0.0006988 secs][1 CMS-remark: 23135K(174784K)] 65629K(253440K), 0.0240511 secs] [Times: user=0.13 sys=0.00, real=0.02 secs] 
2020-04-19T18:17:11.230+0800: 11.745: [CMS-concurrent-sweep-start]
2020-04-19T18:17:11.237+0800: 11.753: [CMS-concurrent-sweep: 0.007/0.007 secs] [Times: user=0.00 sys=0.00, real=0.01 secs] 
2020-04-19T18:17:11.237+0800: 11.753: [CMS-concurrent-reset-start]
2020-04-19T18:17:11.241+0800: 11.757: [CMS-concurrent-reset: 0.004/0.004 secs] [Times: user=0.00 sys=0.00, real=0.00 secs] 
2020-04-19T18:17:11.545+0800: 12.061: [GC (Allocation Failure) 2020-04-19T18:17:11.545+0800: 12.061: [ParNew: 75405K->6577K(78656K), 0.0062865 secs] 97458K->30538K(253440K), 0.0063688 secs] [Times: user=0.00 sys=0.00, real=0.01 secs] 
2020-04-19T18:17:13.239+0800: 13.755: [GC (Allocation Failure) 2020-04-19T18:17:13.239+0800: 13.755: [ParNew: 76529K->7903K(78656K), 0.0082174 secs] 100490K->35177K(253440K), 0.0082931 secs] [Times: user=0.13 sys=0.00, real=0.01 secs] 
