Java HotSpot(TM) 64-Bit Server VM (25.161-b12) for windows-amd64 JRE (1.8.0_161-b12), built on Dec 19 2017 17:52:25 by "java_re" with MS VC++ 10.0 (VS2010)
Memory: 4k page, physical 16688932k(5250952k free), swap 17737508k(3910208k free)
CommandLine flags: -XX:-BytecodeVerificationLocal -XX:-BytecodeVerificationRemote -XX:InitialHeapSize=267022912 -XX:+ManagementServer -XX:MaxHeapSize=4272366592 -XX:+PrintGC -XX:+PrintGCDateStamps -XX:+PrintGCDetails -XX:+PrintGCTimeStamps -XX:TieredStopAtLevel=1 -XX:+UseCompressedClassPointers -XX:+UseCompressedOops -XX:-UseLargePagesIndividualAllocation -XX:+UseParallelGC 
2020-04-19T18:18:26.531+0800: 1.420: [GC (Allocation Failure) [PSYoungGen: 65536K->6683K(76288K)] 65536K->6691K(251392K), 0.0087687 secs] [Times: user=0.00 sys=0.02, real=0.01 secs] 
2020-04-19T18:18:27.317+0800: 2.205: [GC (Allocation Failure) [PSYoungGen: 72219K->10045K(76288K)] 72227K->10061K(251392K), 0.0109340 secs] [Times: user=0.06 sys=0.00, real=0.01 secs] 
2020-04-19T18:18:27.711+0800: 2.600: [GC (Metadata GC Threshold) [PSYoungGen: 37779K->7436K(76288K)] 37795K->7524K(251392K), 0.0058019 secs] [Times: user=0.00 sys=0.00, real=0.01 secs] 
2020-04-19T18:18:27.717+0800: 2.606: [Full GC (Metadata GC Threshold) [PSYoungGen: 7436K->0K(76288K)] [ParOldGen: 88K->7158K(105984K)] 7524K->7158K(182272K), [Metaspace: 20559K->20558K(1067008K)], 0.0285928 secs] [Times: user=0.11 sys=0.00, real=0.03 secs] 
2020-04-19T18:18:28.852+0800: 3.740: [GC (Allocation Failure) [PSYoungGen: 65536K->4701K(101376K)] 72694K->11868K(207360K), 0.0044340 secs] [Times: user=0.00 sys=0.00, real=0.00 secs] 
2020-04-19T18:18:31.303+0800: 6.192: [GC (Allocation Failure) [PSYoungGen: 100957K->8773K(136192K)] 108124K->15948K(242176K), 0.0065493 secs] [Times: user=0.09 sys=0.02, real=0.01 secs] 
2020-04-19T18:18:32.088+0800: 6.977: [GC (Allocation Failure) [PSYoungGen: 134213K->11250K(142336K)] 141388K->24531K(248320K), 0.0120822 secs] [Times: user=0.00 sys=0.00, real=0.01 secs] 
2020-04-19T18:18:32.160+0800: 7.048: [GC (Metadata GC Threshold) [PSYoungGen: 20356K->12401K(147456K)] 33637K->25690K(253440K), 0.0069762 secs] [Times: user=0.06 sys=0.01, real=0.01 secs] 
2020-04-19T18:18:32.167+0800: 7.056: [Full GC (Metadata GC Threshold) [PSYoungGen: 12401K->0K(147456K)] [ParOldGen: 13288K->19866K(146432K)] 25690K->19866K(293888K), [Metaspace: 33749K->33749K(1079296K)], 0.0454342 secs] [Times: user=0.25 sys=0.00, real=0.05 secs] 
2020-04-19T18:18:33.684+0800: 8.572: [GC (Allocation Failure) [PSYoungGen: 131072K->8598K(235008K)] 150938K->28473K(381440K), 0.0084993 secs] [Times: user=0.00 sys=0.00, real=0.01 secs] 
2020-04-19T18:18:36.590+0800: 11.478: [GC (Allocation Failure) [PSYoungGen: 232854K->16379K(240640K)] 252729K->37737K(387072K), 0.0145741 secs] [Times: user=0.01 sys=0.00, real=0.02 secs] 
