Java HotSpot(TM) 64-Bit Server VM (25.161-b12) for windows-amd64 JRE (1.8.0_161-b12), built on Dec 19 2017 17:52:25 by "java_re" with MS VC++ 10.0 (VS2010)
Memory: 4k page, physical 16687908k(10790520k free), swap 17736484k(10738668k free)
CommandLine flags: -XX:-BytecodeVerificationLocal -XX:-BytecodeVerificationRemote -XX:InitialHeapSize=267006528 -XX:InitiatingHeapOccupancyPercent=50 -XX:+ManagementServer -XX:MaxGCPauseMillis=15 -XX:MaxHeapSize=4272104448 -XX:+PrintGC -XX:+PrintGCDateStamps -XX:+PrintGCDetails -XX:+PrintGCTimeStamps -XX:TieredStopAtLevel=1 -XX:+UseCompressedClassPointers -XX:+UseCompressedOops -XX:+UseG1GC -XX:-UseLargePagesIndividualAllocation 
2020-05-13T11:52:48.726+0800: 1.455: [GC pause (G1 Evacuation Pause) (young), 0.0031738 secs]
   [Parallel Time: 2.1 ms, GC Workers: 8]
      [GC Worker Start (ms): Min: 1454.6, Avg: 1454.6, Max: 1454.7, Diff: 0.1]
      [Ext Root Scanning (ms): Min: 0.2, Avg: 0.6, Max: 2.0, Diff: 1.8, Sum: 4.8]
      [Update RS (ms): Min: 0.0, Avg: 0.0, Max: 0.0, Diff: 0.0, Sum: 0.0]
         [Processed Buffers: Min: 0, Avg: 0.0, Max: 0, Diff: 0, Sum: 0]
      [Scan RS (ms): Min: 0.0, Avg: 0.0, Max: 0.0, Diff: 0.0, Sum: 0.0]
      [Code Root Scanning (ms): Min: 0.0, Avg: 0.0, Max: 0.1, Diff: 0.1, Sum: 0.2]
      [Object Copy (ms): Min: 0.0, Avg: 1.3, Max: 1.7, Diff: 1.7, Sum: 10.2]
      [Termination (ms): Min: 0.0, Avg: 0.1, Max: 0.1, Diff: 0.1, Sum: 0.5]
         [Termination Attempts: Min: 1, Avg: 24.5, Max: 38, Diff: 37, Sum: 196]
      [GC Worker Other (ms): Min: 0.0, Avg: 0.0, Max: 0.0, Diff: 0.0, Sum: 0.3]
      [GC Worker Total (ms): Min: 2.0, Avg: 2.0, Max: 2.0, Diff: 0.1, Sum: 16.0]
      [GC Worker End (ms): Min: 1456.6, Avg: 1456.6, Max: 1456.6, Diff: 0.0]
   [Code Root Fixup: 0.0 ms]
   [Code Root Purge: 0.0 ms]
   [Clear CT: 0.1 ms]
   [Other: 0.9 ms]
      [Choose CSet: 0.0 ms]
      [Ref Proc: 0.6 ms]
      [Ref Enq: 0.0 ms]
      [Redirty Cards: 0.1 ms]
      [Humongous Register: 0.0 ms]
      [Humongous Reclaim: 0.0 ms]
      [Free CSet: 0.0 ms]
   [Eden: 12.0M(12.0M)->0.0B(10.0M) Survivors: 0.0B->2048.0K Heap: 12.0M(256.0M)->2388.0K(256.0M)]
 [Times: user=0.00 sys=0.00, real=0.00 secs] 
2020-05-13T11:52:49.331+0800: 2.060: [GC pause (G1 Evacuation Pause) (young), 0.0043634 secs]
   [Parallel Time: 2.8 ms, GC Workers: 8]
      [GC Worker Start (ms): Min: 2060.1, Avg: 2060.2, Max: 2060.2, Diff: 0.1]
      [Ext Root Scanning (ms): Min: 0.2, Avg: 0.4, Max: 0.9, Diff: 0.8, Sum: 3.2]
      [Update RS (ms): Min: 0.0, Avg: 0.0, Max: 0.2, Diff: 0.2, Sum: 0.2]
         [Processed Buffers: Min: 0, Avg: 0.6, Max: 4, Diff: 4, Sum: 5]
      [Scan RS (ms): Min: 0.0, Avg: 0.0, Max: 0.0, Diff: 0.0, Sum: 0.0]
      [Code Root Scanning (ms): Min: 0.0, Avg: 0.0, Max: 0.3, Diff: 0.3, Sum: 0.3]
      [Object Copy (ms): Min: 1.6, Avg: 2.0, Max: 2.2, Diff: 0.6, Sum: 15.8]
      [Termination (ms): Min: 0.0, Avg: 0.0, Max: 0.0, Diff: 0.0, Sum: 0.0]
         [Termination Attempts: Min: 1, Avg: 24.3, Max: 38, Diff: 37, Sum: 194]
      [GC Worker Other (ms): Min: 0.0, Avg: 0.0, Max: 0.0, Diff: 0.0, Sum: 0.1]
      [GC Worker Total (ms): Min: 2.4, Avg: 2.4, Max: 2.5, Diff: 0.1, Sum: 19.6]
      [GC Worker End (ms): Min: 2062.6, Avg: 2062.6, Max: 2062.6, Diff: 0.0]
   [Code Root Fixup: 0.0 ms]
   [Code Root Purge: 0.0 ms]
   [Clear CT: 0.4 ms]
   [Other: 1.1 ms]
      [Choose CSet: 0.0 ms]
      [Ref Proc: 0.7 ms]
      [Ref Enq: 0.0 ms]
      [Redirty Cards: 0.3 ms]
      [Humongous Register: 0.0 ms]
      [Humongous Reclaim: 0.0 ms]
      [Free CSet: 0.0 ms]
   [Eden: 10.0M(10.0M)->0.0B(10.0M) Survivors: 2048.0K->2048.0K Heap: 12.3M(256.0M)->4966.5K(256.0M)]
 [Times: user=0.02 sys=0.00, real=0.00 secs] 
2020-05-13T11:52:51.066+0800: 3.796: [GC pause (G1 Evacuation Pause) (young), 0.0022762 secs]
   [Parallel Time: 1.2 ms, GC Workers: 8]
      [GC Worker Start (ms): Min: 3795.8, Avg: 3795.9, Max: 3795.9, Diff: 0.1]
      [Ext Root Scanning (ms): Min: 0.1, Avg: 0.2, Max: 0.4, Diff: 0.3, Sum: 1.7]
      [Update RS (ms): Min: 0.1, Avg: 0.3, Max: 0.4, Diff: 0.3, Sum: 2.1]
         [Processed Buffers: Min: 1, Avg: 1.8, Max: 5, Diff: 4, Sum: 14]
      [Scan RS (ms): Min: 0.0, Avg: 0.0, Max: 0.1, Diff: 0.1, Sum: 0.2]
      [Code Root Scanning (ms): Min: 0.0, Avg: 0.0, Max: 0.0, Diff: 0.0, Sum: 0.1]
      [Object Copy (ms): Min: 0.5, Avg: 0.5, Max: 0.6, Diff: 0.1, Sum: 4.1]
      [Termination (ms): Min: 0.0, Avg: 0.0, Max: 0.0, Diff: 0.0, Sum: 0.0]
         [Termination Attempts: Min: 1, Avg: 3.0, Max: 5, Diff: 4, Sum: 24]
      [GC Worker Other (ms): Min: 0.0, Avg: 0.0, Max: 0.0, Diff: 0.0, Sum: 0.1]
      [GC Worker Total (ms): Min: 1.0, Avg: 1.0, Max: 1.1, Diff: 0.1, Sum: 8.2]
      [GC Worker End (ms): Min: 3796.9, Avg: 3796.9, Max: 3796.9, Diff: 0.0]
   [Code Root Fixup: 0.0 ms]
   [Code Root Purge: 0.0 ms]
   [Clear CT: 0.3 ms]
   [Other: 0.8 ms]
      [Choose CSet: 0.0 ms]
      [Ref Proc: 0.4 ms]
      [Ref Enq: 0.0 ms]
      [Redirty Cards: 0.3 ms]
      [Humongous Register: 0.0 ms]
      [Humongous Reclaim: 0.0 ms]
      [Free CSet: 0.0 ms]
   [Eden: 10.0M(10.0M)->0.0B(10.0M) Survivors: 2048.0K->2048.0K Heap: 14.9M(256.0M)->5323.5K(256.0M)]
 [Times: user=0.02 sys=0.00, real=0.00 secs] 
2020-05-13T11:52:51.989+0800: 4.718: [GC pause (G1 Evacuation Pause) (young), 0.0035779 secs]
   [Parallel Time: 1.2 ms, GC Workers: 8]
      [GC Worker Start (ms): Min: 4718.1, Avg: 4718.2, Max: 4718.3, Diff: 0.2]
      [Ext Root Scanning (ms): Min: 0.1, Avg: 0.2, Max: 0.4, Diff: 0.3, Sum: 1.5]
      [Update RS (ms): Min: 0.0, Avg: 0.1, Max: 0.1, Diff: 0.1, Sum: 0.5]
         [Processed Buffers: Min: 0, Avg: 1.9, Max: 5, Diff: 5, Sum: 15]
      [Scan RS (ms): Min: 0.0, Avg: 0.0, Max: 0.0, Diff: 0.0, Sum: 0.0]
      [Code Root Scanning (ms): Min: 0.0, Avg: 0.0, Max: 0.1, Diff: 0.1, Sum: 0.1]
      [Object Copy (ms): Min: 0.6, Avg: 0.7, Max: 0.7, Diff: 0.1, Sum: 5.6]
      [Termination (ms): Min: 0.0, Avg: 0.0, Max: 0.0, Diff: 0.0, Sum: 0.0]
         [Termination Attempts: Min: 1, Avg: 4.9, Max: 8, Diff: 7, Sum: 39]
      [GC Worker Other (ms): Min: 0.0, Avg: 0.0, Max: 0.0, Diff: 0.0, Sum: 0.1]
      [GC Worker Total (ms): Min: 0.9, Avg: 1.0, Max: 1.1, Diff: 0.2, Sum: 7.8]
      [GC Worker End (ms): Min: 4719.2, Avg: 4719.2, Max: 4719.2, Diff: 0.0]
   [Code Root Fixup: 0.0 ms]
   [Code Root Purge: 0.0 ms]
   [Clear CT: 0.9 ms]
   [Other: 1.5 ms]
      [Choose CSet: 0.0 ms]
      [Ref Proc: 1.0 ms]
      [Ref Enq: 0.0 ms]
      [Redirty Cards: 0.4 ms]
      [Humongous Register: 0.0 ms]
      [Humongous Reclaim: 0.0 ms]
      [Free CSet: 0.0 ms]
   [Eden: 10.0M(10.0M)->0.0B(10.0M) Survivors: 2048.0K->2048.0K Heap: 15.2M(256.0M)->5489.5K(256.0M)]
 [Times: user=0.00 sys=0.00, real=0.00 secs] 
2020-05-13T11:52:52.327+0800: 5.056: [GC pause (G1 Evacuation Pause) (young), 0.0046159 secs]
   [Parallel Time: 2.0 ms, GC Workers: 8]
      [GC Worker Start (ms): Min: 5055.7, Avg: 5055.8, Max: 5055.9, Diff: 0.2]
      [Ext Root Scanning (ms): Min: 0.1, Avg: 0.2, Max: 0.5, Diff: 0.4, Sum: 1.9]
      [Update RS (ms): Min: 0.0, Avg: 0.1, Max: 0.1, Diff: 0.1, Sum: 0.5]
         [Processed Buffers: Min: 0, Avg: 1.8, Max: 5, Diff: 5, Sum: 14]
      [Scan RS (ms): Min: 0.0, Avg: 0.0, Max: 0.0, Diff: 0.0, Sum: 0.0]
      [Code Root Scanning (ms): Min: 0.0, Avg: 0.0, Max: 0.1, Diff: 0.1, Sum: 0.1]
      [Object Copy (ms): Min: 0.8, Avg: 0.9, Max: 1.0, Diff: 0.2, Sum: 7.4]
      [Termination (ms): Min: 0.0, Avg: 0.0, Max: 0.0, Diff: 0.0, Sum: 0.0]
         [Termination Attempts: Min: 1, Avg: 3.6, Max: 6, Diff: 5, Sum: 29]
      [GC Worker Other (ms): Min: 0.0, Avg: 0.0, Max: 0.0, Diff: 0.0, Sum: 0.1]
      [GC Worker Total (ms): Min: 1.2, Avg: 1.3, Max: 1.4, Diff: 0.2, Sum: 10.1]
      [GC Worker End (ms): Min: 5057.1, Avg: 5057.1, Max: 5057.1, Diff: 0.0]
   [Code Root Fixup: 0.0 ms]
   [Code Root Purge: 0.0 ms]
   [Clear CT: 0.9 ms]
   [Other: 1.7 ms]
      [Choose CSet: 0.0 ms]
      [Ref Proc: 0.9 ms]
      [Ref Enq: 0.0 ms]
      [Redirty Cards: 0.8 ms]
      [Humongous Register: 0.0 ms]
      [Humongous Reclaim: 0.0 ms]
      [Free CSet: 0.0 ms]
   [Eden: 10.0M(10.0M)->0.0B(12.0M) Survivors: 2048.0K->2048.0K Heap: 15.4M(256.0M)->6619.0K(256.0M)]
 [Times: user=0.00 sys=0.00, real=0.00 secs] 
2020-05-13T11:52:52.610+0800: 5.340: [GC pause (G1 Evacuation Pause) (young), 0.0039243 secs]
   [Parallel Time: 1.7 ms, GC Workers: 8]
      [GC Worker Start (ms): Min: 5339.8, Avg: 5339.8, Max: 5340.1, Diff: 0.3]
      [Ext Root Scanning (ms): Min: 0.0, Avg: 0.2, Max: 0.6, Diff: 0.6, Sum: 1.8]
      [Update RS (ms): Min: 0.0, Avg: 0.4, Max: 1.3, Diff: 1.3, Sum: 3.0]
         [Processed Buffers: Min: 0, Avg: 1.8, Max: 4, Diff: 4, Sum: 14]
      [Scan RS (ms): Min: 0.0, Avg: 0.0, Max: 0.0, Diff: 0.0, Sum: 0.0]
      [Code Root Scanning (ms): Min: 0.0, Avg: 0.0, Max: 0.1, Diff: 0.1, Sum: 0.2]
      [Object Copy (ms): Min: 0.1, Avg: 0.8, Max: 1.0, Diff: 0.9, Sum: 6.4]
      [Termination (ms): Min: 0.0, Avg: 0.1, Max: 0.2, Diff: 0.2, Sum: 1.0]
         [Termination Attempts: Min: 1, Avg: 16.6, Max: 28, Diff: 27, Sum: 133]
      [GC Worker Other (ms): Min: 0.0, Avg: 0.0, Max: 0.0, Diff: 0.0, Sum: 0.1]
      [GC Worker Total (ms): Min: 1.3, Avg: 1.5, Max: 1.6, Diff: 0.3, Sum: 12.4]
      [GC Worker End (ms): Min: 5341.4, Avg: 5341.4, Max: 5341.4, Diff: 0.0]
   [Code Root Fixup: 0.0 ms]
   [Code Root Purge: 0.0 ms]
   [Clear CT: 0.5 ms]
   [Other: 1.8 ms]
      [Choose CSet: 0.0 ms]
      [Ref Proc: 1.0 ms]
      [Ref Enq: 0.0 ms]
      [Redirty Cards: 0.6 ms]
      [Humongous Register: 0.0 ms]
      [Humongous Reclaim: 0.0 ms]
      [Free CSet: 0.0 ms]
   [Eden: 12.0M(12.0M)->0.0B(18.0M) Survivors: 2048.0K->2048.0K Heap: 18.5M(256.0M)->7100.5K(256.0M)]
 [Times: user=0.00 sys=0.00, real=0.00 secs] 
2020-05-13T11:52:52.958+0800: 5.688: [GC pause (G1 Evacuation Pause) (young), 0.0049668 secs]
   [Parallel Time: 1.9 ms, GC Workers: 8]
      [GC Worker Start (ms): Min: 5688.0, Avg: 5688.2, Max: 5689.2, Diff: 1.3]
      [Ext Root Scanning (ms): Min: 0.0, Avg: 0.2, Max: 0.7, Diff: 0.7, Sum: 1.9]
      [Update RS (ms): Min: 0.0, Avg: 0.1, Max: 0.1, Diff: 0.1, Sum: 0.5]
         [Processed Buffers: Min: 0, Avg: 1.9, Max: 6, Diff: 6, Sum: 15]
      [Scan RS (ms): Min: 0.0, Avg: 0.0, Max: 0.0, Diff: 0.0, Sum: 0.0]
      [Code Root Scanning (ms): Min: 0.0, Avg: 0.0, Max: 0.1, Diff: 0.1, Sum: 0.1]
      [Object Copy (ms): Min: 0.5, Avg: 1.2, Max: 1.4, Diff: 0.9, Sum: 9.7]
      [Termination (ms): Min: 0.0, Avg: 0.0, Max: 0.0, Diff: 0.0, Sum: 0.0]
         [Termination Attempts: Min: 1, Avg: 7.5, Max: 12, Diff: 11, Sum: 60]
      [GC Worker Other (ms): Min: 0.0, Avg: 0.0, Max: 0.0, Diff: 0.0, Sum: 0.1]
      [GC Worker Total (ms): Min: 0.5, Avg: 1.6, Max: 1.8, Diff: 1.3, Sum: 12.5]
      [GC Worker End (ms): Min: 5689.7, Avg: 5689.7, Max: 5689.7, Diff: 0.0]
   [Code Root Fixup: 0.0 ms]
   [Code Root Purge: 0.0 ms]
   [Clear CT: 0.9 ms]
   [Other: 2.2 ms]
      [Choose CSet: 0.0 ms]
      [Ref Proc: 1.4 ms]
      [Ref Enq: 0.0 ms]
      [Redirty Cards: 0.7 ms]
      [Humongous Register: 0.0 ms]
      [Humongous Reclaim: 0.0 ms]
      [Free CSet: 0.0 ms]
   [Eden: 18.0M(18.0M)->0.0B(33.0M) Survivors: 2048.0K->3072.0K Heap: 24.9M(256.0M)->8906.0K(256.0M)]
 [Times: user=0.13 sys=0.00, real=0.01 secs] 
2020-05-13T11:52:53.493+0800: 6.222: [GC pause (G1 Evacuation Pause) (young), 0.0059632 secs]
   [Parallel Time: 2.4 ms, GC Workers: 8]
      [GC Worker Start (ms): Min: 6221.9, Avg: 6221.9, Max: 6222.0, Diff: 0.1]
      [Ext Root Scanning (ms): Min: 0.1, Avg: 0.3, Max: 1.0, Diff: 0.8, Sum: 2.4]
      [Update RS (ms): Min: 0.0, Avg: 0.1, Max: 0.2, Diff: 0.2, Sum: 0.7]
         [Processed Buffers: Min: 0, Avg: 1.8, Max: 5, Diff: 5, Sum: 14]
      [Scan RS (ms): Min: 0.0, Avg: 0.0, Max: 0.0, Diff: 0.0, Sum: 0.0]
      [Code Root Scanning (ms): Min: 0.0, Avg: 0.0, Max: 0.2, Diff: 0.2, Sum: 0.2]
      [Object Copy (ms): Min: 1.1, Avg: 1.6, Max: 1.7, Diff: 0.6, Sum: 12.4]
      [Termination (ms): Min: 0.0, Avg: 0.0, Max: 0.0, Diff: 0.0, Sum: 0.0]
         [Termination Attempts: Min: 2, Avg: 21.6, Max: 37, Diff: 35, Sum: 173]
      [GC Worker Other (ms): Min: 0.0, Avg: 0.0, Max: 0.0, Diff: 0.0, Sum: 0.1]
      [GC Worker Total (ms): Min: 1.9, Avg: 2.0, Max: 2.1, Diff: 0.1, Sum: 15.8]
      [GC Worker End (ms): Min: 6223.9, Avg: 6223.9, Max: 6223.9, Diff: 0.0]
   [Code Root Fixup: 0.0 ms]
   [Code Root Purge: 0.0 ms]
   [Clear CT: 0.9 ms]
   [Other: 2.7 ms]
      [Choose CSet: 0.0 ms]
      [Ref Proc: 1.9 ms]
      [Ref Enq: 0.0 ms]
      [Redirty Cards: 0.7 ms]
      [Humongous Register: 0.0 ms]
      [Humongous Reclaim: 0.0 ms]
      [Free CSet: 0.0 ms]
   [Eden: 33.0M(33.0M)->0.0B(71.0M) Survivors: 3072.0K->5120.0K Heap: 41.7M(256.0M)->11.5M(256.0M)]
 [Times: user=0.00 sys=0.00, real=0.01 secs] 
2020-05-13T11:52:54.149+0800: 6.878: [GC pause (Metadata GC Threshold) (young) (initial-mark), 0.0066252 secs]
   [Parallel Time: 3.7 ms, GC Workers: 8]
      [GC Worker Start (ms): Min: 6878.5, Avg: 6878.6, Max: 6878.9, Diff: 0.4]
      [Ext Root Scanning (ms): Min: 0.9, Avg: 1.2, Max: 1.5, Diff: 0.6, Sum: 9.5]
      [Update RS (ms): Min: 0.0, Avg: 0.1, Max: 0.2, Diff: 0.2, Sum: 0.8]
         [Processed Buffers: Min: 0, Avg: 1.9, Max: 4, Diff: 4, Sum: 15]
      [Scan RS (ms): Min: 0.0, Avg: 0.0, Max: 0.0, Diff: 0.0, Sum: 0.0]
      [Code Root Scanning (ms): Min: 0.0, Avg: 0.1, Max: 0.6, Diff: 0.6, Sum: 0.9]
      [Object Copy (ms): Min: 1.3, Avg: 1.8, Max: 1.9, Diff: 0.6, Sum: 14.0]
      [Termination (ms): Min: 0.0, Avg: 0.0, Max: 0.0, Diff: 0.0, Sum: 0.0]
         [Termination Attempts: Min: 1, Avg: 28.0, Max: 37, Diff: 36, Sum: 224]
      [GC Worker Other (ms): Min: 0.0, Avg: 0.0, Max: 0.0, Diff: 0.0, Sum: 0.1]
      [GC Worker Total (ms): Min: 2.9, Avg: 3.2, Max: 3.3, Diff: 0.4, Sum: 25.4]
      [GC Worker End (ms): Min: 6881.8, Avg: 6881.8, Max: 6881.8, Diff: 0.0]
   [Code Root Fixup: 0.0 ms]
   [Code Root Purge: 0.0 ms]
   [Clear CT: 1.0 ms]
   [Other: 1.9 ms]
      [Choose CSet: 0.0 ms]
      [Ref Proc: 0.9 ms]
      [Ref Enq: 0.0 ms]
      [Redirty Cards: 0.9 ms]
      [Humongous Register: 0.0 ms]
      [Humongous Reclaim: 0.0 ms]
      [Free CSet: 0.0 ms]
   [Eden: 26.0M(71.0M)->0.0B(115.0M) Survivors: 5120.0K->8192.0K Heap: 37.0M(256.0M)->13.9M(256.0M)]
 [Times: user=0.00 sys=0.00, real=0.01 secs] 
2020-05-13T11:52:54.156+0800: 6.885: [GC concurrent-root-region-scan-start]
2020-05-13T11:52:54.159+0800: 6.888: [GC concurrent-root-region-scan-end, 0.0028720 secs]
2020-05-13T11:52:54.159+0800: 6.888: [GC concurrent-mark-start]
2020-05-13T11:52:54.163+0800: 6.892: [GC concurrent-mark-end, 0.0037820 secs]
2020-05-13T11:52:54.163+0800: 6.892: [GC remark 2020-05-13T11:52:54.163+0800: 6.892: [Finalize Marking, 0.0004168 secs] 2020-05-13T11:52:54.164+0800: 6.893: [GC ref-proc, 0.0005370 secs] 2020-05-13T11:52:54.164+0800: 6.893: [Unloading, 0.0022116 secs], 0.0041795 secs]
 [Times: user=0.00 sys=0.00, real=0.00 secs] 
2020-05-13T11:52:54.168+0800: 6.897: [GC cleanup 15M->13M(256M), 0.0024412 secs]
 [Times: user=0.00 sys=0.00, real=0.00 secs] 
2020-05-13T11:52:54.170+0800: 6.899: [GC concurrent-cleanup-start]
2020-05-13T11:52:54.170+0800: 6.899: [GC concurrent-cleanup-end, 0.0000252 secs]
2020-05-13T11:52:58.464+0800: 11.193: [GC pause (G1 Evacuation Pause) (young), 0.0112144 secs]
   [Parallel Time: 5.0 ms, GC Workers: 8]
      [GC Worker Start (ms): Min: 11192.8, Avg: 11192.9, Max: 11193.0, Diff: 0.2]
      [Ext Root Scanning (ms): Min: 0.1, Avg: 0.5, Max: 2.1, Diff: 2.0, Sum: 4.0]
      [Update RS (ms): Min: 0.0, Avg: 0.1, Max: 0.3, Diff: 0.3, Sum: 0.9]
         [Processed Buffers: Min: 0, Avg: 2.3, Max: 6, Diff: 6, Sum: 18]
      [Scan RS (ms): Min: 0.0, Avg: 0.0, Max: 0.0, Diff: 0.0, Sum: 0.1]
      [Code Root Scanning (ms): Min: 0.0, Avg: 0.1, Max: 0.2, Diff: 0.2, Sum: 1.0]
      [Object Copy (ms): Min: 2.7, Avg: 3.9, Max: 4.2, Diff: 1.5, Sum: 31.2]
      [Termination (ms): Min: 0.0, Avg: 0.0, Max: 0.0, Diff: 0.0, Sum: 0.1]
         [Termination Attempts: Min: 1, Avg: 52.5, Max: 66, Diff: 65, Sum: 420]
      [GC Worker Other (ms): Min: 0.0, Avg: 0.0, Max: 0.0, Diff: 0.0, Sum: 0.2]
      [GC Worker Total (ms): Min: 4.6, Avg: 4.7, Max: 4.8, Diff: 0.2, Sum: 37.4]
      [GC Worker End (ms): Min: 11197.6, Avg: 11197.6, Max: 11197.6, Diff: 0.0]
   [Code Root Fixup: 0.0 ms]
   [Code Root Purge: 0.0 ms]
   [Clear CT: 0.9 ms]
   [Other: 5.3 ms]
      [Choose CSet: 0.0 ms]
      [Ref Proc: 4.2 ms]
      [Ref Enq: 0.0 ms]
      [Redirty Cards: 0.8 ms]
      [Humongous Register: 0.0 ms]
      [Humongous Reclaim: 0.0 ms]
      [Free CSet: 0.1 ms]
   [Eden: 115.0M(115.0M)->0.0B(95.0M) Survivors: 8192.0K->13.0M Heap: 127.4M(256.0M)->18.0M(256.0M)]
 [Times: user=0.00 sys=0.00, real=0.01 secs] 
2020-05-13T11:52:59.258+0800: 11.988: [GC pause (G1 Evacuation Pause) (young), 0.0106716 secs]
   [Parallel Time: 6.6 ms, GC Workers: 8]
      [GC Worker Start (ms): Min: 11988.1, Avg: 11988.1, Max: 11988.2, Diff: 0.1]
      [Ext Root Scanning (ms): Min: 0.2, Avg: 0.5, Max: 2.0, Diff: 1.9, Sum: 3.9]
      [Update RS (ms): Min: 0.0, Avg: 0.1, Max: 0.2, Diff: 0.2, Sum: 0.9]
         [Processed Buffers: Min: 0, Avg: 1.5, Max: 5, Diff: 5, Sum: 12]
      [Scan RS (ms): Min: 0.0, Avg: 0.0, Max: 0.0, Diff: 0.0, Sum: 0.1]
      [Code Root Scanning (ms): Min: 0.0, Avg: 0.2, Max: 0.4, Diff: 0.4, Sum: 1.4]
      [Object Copy (ms): Min: 4.2, Avg: 5.4, Max: 5.8, Diff: 1.5, Sum: 43.6]
      [Termination (ms): Min: 0.0, Avg: 0.0, Max: 0.0, Diff: 0.0, Sum: 0.1]
         [Termination Attempts: Min: 1, Avg: 68.0, Max: 92, Diff: 91, Sum: 544]
      [GC Worker Other (ms): Min: 0.0, Avg: 0.0, Max: 0.0, Diff: 0.0, Sum: 0.1]
      [GC Worker Total (ms): Min: 6.2, Avg: 6.3, Max: 6.3, Diff: 0.1, Sum: 50.1]
      [GC Worker End (ms): Min: 11994.4, Avg: 11994.4, Max: 11994.4, Diff: 0.0]
   [Code Root Fixup: 0.1 ms]
   [Code Root Purge: 0.0 ms]
   [Clear CT: 1.0 ms]
   [Other: 2.9 ms]
      [Choose CSet: 0.0 ms]
      [Ref Proc: 2.1 ms]
      [Ref Enq: 0.0 ms]
      [Redirty Cards: 0.6 ms]
      [Humongous Register: 0.0 ms]
      [Humongous Reclaim: 0.0 ms]
      [Free CSet: 0.1 ms]
   [Eden: 95.0M(95.0M)->0.0B(87.0M) Survivors: 13.0M->14.0M Heap: 113.0M(256.0M)->20.1M(256.0M)]
 [Times: user=0.00 sys=0.00, real=0.01 secs] 
2020-05-13T11:53:00.539+0800: 13.268: [GC pause (Metadata GC Threshold) (young) (initial-mark), 0.0148398 secs]
   [Parallel Time: 10.6 ms, GC Workers: 8]
      [GC Worker Start (ms): Min: 13268.1, Avg: 13268.2, Max: 13268.3, Diff: 0.2]
      [Ext Root Scanning (ms): Min: 1.4, Avg: 1.6, Max: 2.0, Diff: 0.6, Sum: 13.2]
      [Update RS (ms): Min: 0.0, Avg: 0.2, Max: 0.3, Diff: 0.3, Sum: 1.4]
         [Processed Buffers: Min: 1, Avg: 1.8, Max: 4, Diff: 3, Sum: 14]
      [Scan RS (ms): Min: 0.0, Avg: 0.0, Max: 0.0, Diff: 0.0, Sum: 0.1]
      [Code Root Scanning (ms): Min: 0.0, Avg: 0.2, Max: 0.5, Diff: 0.5, Sum: 1.9]
      [Object Copy (ms): Min: 7.8, Avg: 8.2, Max: 8.5, Diff: 0.8, Sum: 65.5]
      [Termination (ms): Min: 0.0, Avg: 0.0, Max: 0.0, Diff: 0.0, Sum: 0.1]
         [Termination Attempts: Min: 1, Avg: 64.5, Max: 81, Diff: 80, Sum: 516]
      [GC Worker Other (ms): Min: 0.0, Avg: 0.0, Max: 0.0, Diff: 0.0, Sum: 0.1]
      [GC Worker Total (ms): Min: 10.2, Avg: 10.3, Max: 10.4, Diff: 0.2, Sum: 82.1]
      [GC Worker End (ms): Min: 13278.5, Avg: 13278.5, Max: 13278.5, Diff: 0.0]
   [Code Root Fixup: 0.1 ms]
   [Code Root Purge: 0.0 ms]
   [Clear CT: 0.8 ms]
   [Other: 3.4 ms]
      [Choose CSet: 0.0 ms]
      [Ref Proc: 2.3 ms]
      [Ref Enq: 0.0 ms]
      [Redirty Cards: 0.9 ms]
      [Humongous Register: 0.0 ms]
      [Humongous Reclaim: 0.0 ms]
      [Free CSet: 0.1 ms]
   [Eden: 80.0M(87.0M)->0.0B(28.0M) Survivors: 14.0M->13.0M Heap: 99.6M(256.0M)->27.3M(256.0M)]
 [Times: user=0.00 sys=0.00, real=0.01 secs] 
2020-05-13T11:53:00.554+0800: 13.283: [GC concurrent-root-region-scan-start]
2020-05-13T11:53:00.563+0800: 13.292: [GC concurrent-root-region-scan-end, 0.0088407 secs]
2020-05-13T11:53:00.563+0800: 13.292: [GC concurrent-mark-start]
2020-05-13T11:53:00.575+0800: 13.304: [GC concurrent-mark-end, 0.0119040 secs]
2020-05-13T11:53:00.575+0800: 13.304: [GC remark 2020-05-13T11:53:00.575+0800: 13.304: [Finalize Marking, 0.0006207 secs] 2020-05-13T11:53:00.576+0800: 13.305: [GC ref-proc, 0.0006538 secs] 2020-05-13T11:53:00.576+0800: 13.306: [Unloading, 0.0033230 secs], 0.0054620 secs]
 [Times: user=0.00 sys=0.00, real=0.01 secs] 
2020-05-13T11:53:00.581+0800: 13.310: [GC cleanup 30M->29M(256M), 0.0025456 secs]
 [Times: user=0.00 sys=0.00, real=0.00 secs] 
2020-05-13T11:53:00.584+0800: 13.313: [GC concurrent-cleanup-start]
2020-05-13T11:53:00.584+0800: 13.313: [GC concurrent-cleanup-end, 0.0000096 secs]
2020-05-13T11:53:00.719+0800: 13.448: [GC pause (G1 Evacuation Pause) (young), 0.0093641 secs]
   [Parallel Time: 7.2 ms, GC Workers: 8]
      [GC Worker Start (ms): Min: 13448.3, Avg: 13448.4, Max: 13448.5, Diff: 0.1]
      [Ext Root Scanning (ms): Min: 0.2, Avg: 0.6, Max: 2.2, Diff: 2.0, Sum: 4.7]
      [Update RS (ms): Min: 0.0, Avg: 0.7, Max: 1.2, Diff: 1.2, Sum: 5.5]
         [Processed Buffers: Min: 0, Avg: 2.8, Max: 6, Diff: 6, Sum: 22]
      [Scan RS (ms): Min: 0.0, Avg: 0.3, Max: 0.6, Diff: 0.6, Sum: 2.4]
      [Code Root Scanning (ms): Min: 0.0, Avg: 0.0, Max: 0.2, Diff: 0.2, Sum: 0.4]
      [Object Copy (ms): Min: 4.9, Avg: 5.4, Max: 5.5, Diff: 0.6, Sum: 42.9]
      [Termination (ms): Min: 0.0, Avg: 0.0, Max: 0.0, Diff: 0.0, Sum: 0.0]
         [Termination Attempts: Min: 1, Avg: 2.6, Max: 5, Diff: 4, Sum: 21]
      [GC Worker Other (ms): Min: 0.0, Avg: 0.0, Max: 0.0, Diff: 0.0, Sum: 0.1]
      [GC Worker Total (ms): Min: 6.9, Avg: 7.0, Max: 7.1, Diff: 0.1, Sum: 55.9]
      [GC Worker End (ms): Min: 13455.4, Avg: 13455.4, Max: 13455.4, Diff: 0.0]
   [Code Root Fixup: 0.0 ms]
   [Code Root Purge: 0.0 ms]
   [Clear CT: 0.6 ms]
   [Other: 1.5 ms]
      [Choose CSet: 0.0 ms]
      [Ref Proc: 0.9 ms]
      [Ref Enq: 0.0 ms]
      [Redirty Cards: 0.5 ms]
      [Humongous Register: 0.0 ms]
      [Humongous Reclaim: 0.0 ms]
      [Free CSet: 0.1 ms]
   [Eden: 28.0M(28.0M)->0.0B(7168.0K) Survivors: 13.0M->5120.0K Heap: 54.8M(256.0M)->32.0M(256.0M)]
 [Times: user=0.13 sys=0.00, real=0.01 secs] 
2020-05-13T11:53:00.837+0800: 13.566: [GC pause (G1 Evacuation Pause) (young), 0.0039271 secs]
   [Parallel Time: 2.1 ms, GC Workers: 8]
      [GC Worker Start (ms): Min: 13566.2, Avg: 13566.4, Max: 13566.4, Diff: 0.2]
      [Ext Root Scanning (ms): Min: 0.2, Avg: 0.3, Max: 0.8, Diff: 0.6, Sum: 2.6]
      [Update RS (ms): Min: 0.7, Avg: 1.1, Max: 1.3, Diff: 0.6, Sum: 8.4]
         [Processed Buffers: Min: 2, Avg: 2.9, Max: 6, Diff: 4, Sum: 23]
      [Scan RS (ms): Min: 0.0, Avg: 0.1, Max: 0.2, Diff: 0.2, Sum: 0.6]
      [Code Root Scanning (ms): Min: 0.0, Avg: 0.0, Max: 0.0, Diff: 0.0, Sum: 0.1]
      [Object Copy (ms): Min: 0.2, Avg: 0.4, Max: 0.5, Diff: 0.3, Sum: 3.2]
      [Termination (ms): Min: 0.0, Avg: 0.0, Max: 0.0, Diff: 0.0, Sum: 0.0]
         [Termination Attempts: Min: 1, Avg: 1.5, Max: 2, Diff: 1, Sum: 12]
      [GC Worker Other (ms): Min: 0.0, Avg: 0.0, Max: 0.0, Diff: 0.0, Sum: 0.1]
      [GC Worker Total (ms): Min: 1.8, Avg: 1.9, Max: 2.0, Diff: 0.2, Sum: 14.9]
      [GC Worker End (ms): Min: 13568.2, Avg: 13568.2, Max: 13568.2, Diff: 0.0]
   [Code Root Fixup: 0.0 ms]
   [Code Root Purge: 0.0 ms]
   [Clear CT: 0.5 ms]
   [Other: 1.4 ms]
      [Choose CSet: 0.0 ms]
      [Ref Proc: 0.8 ms]
      [Ref Enq: 0.0 ms]
      [Redirty Cards: 0.5 ms]
      [Humongous Register: 0.0 ms]
      [Humongous Reclaim: 0.0 ms]
      [Free CSet: 0.0 ms]
   [Eden: 7168.0K(7168.0K)->0.0B(148.0M) Survivors: 5120.0K->2048.0K Heap: 39.0M(256.0M)->31.5M(256.0M)]
 [Times: user=0.00 sys=0.00, real=0.00 secs] 
2020-05-13T11:53:03.425+0800: 16.154: [GC pause (G1 Evacuation Pause) (young), 0.0135734 secs]
   [Parallel Time: 6.5 ms, GC Workers: 8]
      [GC Worker Start (ms): Min: 16154.2, Avg: 16154.3, Max: 16154.4, Diff: 0.2]
      [Ext Root Scanning (ms): Min: 0.3, Avg: 0.7, Max: 1.8, Diff: 1.5, Sum: 5.6]
      [Update RS (ms): Min: 0.4, Avg: 1.7, Max: 5.7, Diff: 5.3, Sum: 13.7]
         [Processed Buffers: Min: 1, Avg: 3.3, Max: 5, Diff: 4, Sum: 26]
      [Scan RS (ms): Min: 0.0, Avg: 0.0, Max: 0.0, Diff: 0.0, Sum: 0.1]
      [Code Root Scanning (ms): Min: 0.0, Avg: 0.0, Max: 0.1, Diff: 0.1, Sum: 0.3]
      [Object Copy (ms): Min: 0.2, Avg: 3.6, Max: 4.2, Diff: 4.0, Sum: 28.6]
      [Termination (ms): Min: 0.0, Avg: 0.2, Max: 0.4, Diff: 0.4, Sum: 1.9]
         [Termination Attempts: Min: 1, Avg: 250.1, Max: 306, Diff: 305, Sum: 2001]
      [GC Worker Other (ms): Min: 0.0, Avg: 0.0, Max: 0.0, Diff: 0.0, Sum: 0.2]
      [GC Worker Total (ms): Min: 6.2, Avg: 6.3, Max: 6.4, Diff: 0.2, Sum: 50.4]
      [GC Worker End (ms): Min: 16160.6, Avg: 16160.6, Max: 16160.6, Diff: 0.0]
   [Code Root Fixup: 0.0 ms]
   [Code Root Purge: 0.0 ms]
   [Clear CT: 0.5 ms]
   [Other: 6.5 ms]
      [Choose CSet: 0.0 ms]
      [Ref Proc: 5.7 ms]
      [Ref Enq: 0.0 ms]
      [Redirty Cards: 0.6 ms]
      [Humongous Register: 0.0 ms]
      [Humongous Reclaim: 0.0 ms]
      [Free CSet: 0.1 ms]
   [Eden: 148.0M(148.0M)->0.0B(51.0M) Survivors: 2048.0K->12.0M Heap: 179.5M(256.0M)->40.8M(256.0M)]
 [Times: user=0.09 sys=0.02, real=0.01 secs] 
2020-05-13T11:53:04.009+0800: 16.738: [GC pause (G1 Evacuation Pause) (young), 0.0103618 secs]
   [Parallel Time: 6.8 ms, GC Workers: 8]
      [GC Worker Start (ms): Min: 16737.7, Avg: 16737.8, Max: 16737.9, Diff: 0.2]
      [Ext Root Scanning (ms): Min: 0.2, Avg: 0.5, Max: 1.9, Diff: 1.7, Sum: 4.0]
      [Update RS (ms): Min: 0.0, Avg: 1.3, Max: 1.7, Diff: 1.7, Sum: 10.1]
         [Processed Buffers: Min: 0, Avg: 3.4, Max: 6, Diff: 6, Sum: 27]
      [Scan RS (ms): Min: 0.0, Avg: 0.0, Max: 0.0, Diff: 0.0, Sum: 0.1]
      [Code Root Scanning (ms): Min: 0.0, Avg: 0.0, Max: 0.2, Diff: 0.2, Sum: 0.4]
      [Object Copy (ms): Min: 4.4, Avg: 4.6, Max: 4.8, Diff: 0.4, Sum: 36.8]
      [Termination (ms): Min: 0.0, Avg: 0.0, Max: 0.0, Diff: 0.0, Sum: 0.0]
         [Termination Attempts: Min: 1, Avg: 1.5, Max: 2, Diff: 1, Sum: 12]
      [GC Worker Other (ms): Min: 0.0, Avg: 0.0, Max: 0.0, Diff: 0.0, Sum: 0.1]
      [GC Worker Total (ms): Min: 6.4, Avg: 6.4, Max: 6.5, Diff: 0.2, Sum: 51.4]
      [GC Worker End (ms): Min: 16744.2, Avg: 16744.2, Max: 16744.2, Diff: 0.0]
   [Code Root Fixup: 0.0 ms]
   [Code Root Purge: 0.0 ms]
   [Clear CT: 1.0 ms]
   [Other: 2.4 ms]
      [Choose CSet: 0.0 ms]
      [Ref Proc: 1.3 ms]
      [Ref Enq: 0.0 ms]
      [Redirty Cards: 0.9 ms]
      [Humongous Register: 0.0 ms]
      [Humongous Reclaim: 0.0 ms]
      [Free CSet: 0.1 ms]
   [Eden: 51.0M(51.0M)->0.0B(119.0M) Survivors: 12.0M->6144.0K Heap: 91.8M(256.0M)->39.6M(256.0M)]
 [Times: user=0.00 sys=0.00, real=0.01 secs] 
2020-05-13T11:53:04.089+0800: 16.819: [GC pause (G1 Evacuation Pause) (young), 0.0061158 secs]
   [Parallel Time: 4.2 ms, GC Workers: 8]
      [GC Worker Start (ms): Min: 16819.1, Avg: 16819.1, Max: 16819.2, Diff: 0.1]
      [Ext Root Scanning (ms): Min: 0.2, Avg: 0.4, Max: 1.1, Diff: 0.9, Sum: 3.2]
      [Update RS (ms): Min: 0.4, Avg: 1.0, Max: 1.3, Diff: 0.9, Sum: 8.2]
         [Processed Buffers: Min: 1, Avg: 2.5, Max: 4, Diff: 3, Sum: 20]
      [Scan RS (ms): Min: 0.2, Avg: 0.3, Max: 0.6, Diff: 0.4, Sum: 2.6]
      [Code Root Scanning (ms): Min: 0.0, Avg: 0.0, Max: 0.1, Diff: 0.1, Sum: 0.1]
      [Object Copy (ms): Min: 1.8, Avg: 1.9, Max: 1.9, Diff: 0.2, Sum: 14.9]
      [Termination (ms): Min: 0.0, Avg: 0.0, Max: 0.0, Diff: 0.0, Sum: 0.0]
         [Termination Attempts: Min: 1, Avg: 16.3, Max: 24, Diff: 23, Sum: 130]
      [GC Worker Other (ms): Min: 0.0, Avg: 0.0, Max: 0.0, Diff: 0.0, Sum: 0.1]
      [GC Worker Total (ms): Min: 3.6, Avg: 3.6, Max: 3.7, Diff: 0.1, Sum: 29.2]
      [GC Worker End (ms): Min: 16822.8, Avg: 16822.8, Max: 16822.8, Diff: 0.0]
   [Code Root Fixup: 0.0 ms]
   [Code Root Purge: 0.0 ms]
   [Clear CT: 0.4 ms]
   [Other: 1.6 ms]
      [Choose CSet: 0.0 ms]
      [Ref Proc: 0.8 ms]
      [Ref Enq: 0.0 ms]
      [Redirty Cards: 0.6 ms]
      [Humongous Register: 0.0 ms]
      [Humongous Reclaim: 0.0 ms]
      [Free CSet: 0.0 ms]
   [Eden: 7168.0K(6144.0K)->0.0B(151.0M) Survivors: 6144.0K->2048.0K Heap: 46.6M(256.0M)->40.8M(256.0M)]
 [Times: user=0.00 sys=0.00, real=0.01 secs] 
